---
source: crates/flux-syntax/tests/parser_tests.rs
expression: result
---
Ok(
    SourceFile {
        items: [
            Function(
                Function {
                    is_export: false,
                    name: "calc",
                    params: [],
                    return_type: None,
                    body: Block {
                        stmts: [
                            Return {
                                value: Binary {
                                    op: Mul,
                                    left: Binary {
                                        op: Add,
                                        left: Int {
                                            value: 1,
                                            span: Span {
                                                start: 20,
                                                end: 21,
                                            },
                                        },
                                        right: Int {
                                            value: 2,
                                            span: Span {
                                                start: 24,
                                                end: 25,
                                            },
                                        },
                                        span: Span {
                                            start: 20,
                                            end: 25,
                                        },
                                    },
                                    right: Binary {
                                        op: Add,
                                        left: Int {
                                            value: 3,
                                            span: Span {
                                                start: 30,
                                                end: 31,
                                            },
                                        },
                                        right: Int {
                                            value: 4,
                                            span: Span {
                                                start: 34,
                                                end: 35,
                                            },
                                        },
                                        span: Span {
                                            start: 30,
                                            end: 35,
                                        },
                                    },
                                    span: Span {
                                        start: 20,
                                        end: 35,
                                    },
                                },
                                span: Span {
                                    start: 12,
                                    end: 35,
                                },
                            },
                        ],
                        span: Span {
                            start: 10,
                            end: 38,
                        },
                    },
                    span: Span {
                        start: 0,
                        end: 38,
                    },
                },
            ),
        ],
        span: Span {
            start: 0,
            end: 38,
        },
    },
)
