---
source: crates/flux-syntax/tests/parser_tests.rs
expression: result
---
Ok(
    SourceFile {
        items: [
            Function(
                Function {
                    is_export: false,
                    name: "get_birth_date",
                    params: [],
                    return_type: Some(
                        Date(
                            Span {
                                start: 23,
                                end: 27,
                            },
                        ),
                    ),
                    body: Block {
                        stmts: [
                            Int {
                                value: 0,
                                span: Span {
                                    start: 30,
                                    end: 31,
                                },
                            },
                        ],
                        span: Span {
                            start: 28,
                            end: 33,
                        },
                    },
                    labels: [],
                    span: Span {
                        start: 0,
                        end: 33,
                    },
                },
            ),
        ],
        span: Span {
            start: 0,
            end: 33,
        },
    },
)
