---
source: crates/flux-syntax/tests/parser_tests.rs
expression: result
---
Ok(
    SourceFile {
        items: [
            Function(
                Function {
                    is_export: false,
                    name: "tagged",
                    params: [],
                    return_type: None,
                    body: Block {
                        stmts: [
                            Label {
                                name: "#primary",
                                span: Span {
                                    start: 11,
                                    end: 19,
                                },
                            },
                        ],
                        span: Span {
                            start: 10,
                            end: 20,
                        },
                    },
                    labels: [],
                    span: Span {
                        start: 0,
                        end: 20,
                    },
                },
            ),
        ],
        span: Span {
            start: 0,
            end: 20,
        },
    },
)
