---
source: crates/flux-syntax/tests/parser_tests.rs
expression: result
---
Ok(
    SourceFile {
        items: [
            Function(
                Function {
                    is_export: true,
                    name: "plan",
                    params: [
                        Param {
                            name: "ctx",
                            ty: None,
                            span: Span {
                                start: 13,
                                end: 16,
                            },
                        },
                    ],
                    return_type: Some(
                        Named {
                            name: "Project",
                            span: Span {
                                start: 19,
                                end: 26,
                            },
                        },
                    ),
                    body: Block {
                        stmts: [
                            Var {
                                name: "ctx",
                                span: Span {
                                    start: 27,
                                    end: 30,
                                },
                            },
                        ],
                        span: Span {
                            start: 26,
                            end: 31,
                        },
                    },
                    labels: [],
                    span: Span {
                        start: 6,
                        end: 31,
                    },
                },
            ),
        ],
        span: Span {
            start: 0,
            end: 31,
        },
    },
)
